// Vitest Snapshot v1, https://vitest.dev/guide/snapshot.html

exports[`ApneaEventStats > renders tables and plots for data 1`] = `
<DocumentFragment>
  <div>
    <h2
      id="apnea-characteristics"
    >
      Apnea Event Characteristics
    </h2>
    <table>
      <tbody>
        <tr>
          <td>
            Total apnea events
          </td>
          <td>
            2
          </td>
        </tr>
        <tr>
          <td>
            Median duration
          </td>
          <td>
            45.0 s
          </td>
        </tr>
        <tr>
          <td>
            Duration IQR (25th–75th percentile)
          </td>
          <td>
            37.5–52.5 s
          </td>
        </tr>
        <tr>
          <td>
            95th percentile duration
          </td>
          <td>
            58.5 s
          </td>
        </tr>
        <tr>
          <td>
            Max duration
          </td>
          <td>
            60 s
          </td>
        </tr>
        <tr>
          <td>
            Events &gt; 30 s
          </td>
          <td>
            1 (50.0%)
          </td>
        </tr>
        <tr>
          <td>
            Events &gt; 60 s
          </td>
          <td>
            0 (0.0%)
          </td>
        </tr>
        <tr>
          <td>
            Outlier events (≥ Q3+1.5×IQR)
          </td>
          <td>
            0
          </td>
        </tr>
      </tbody>
    </table>
    <div
      class="usage-charts-grid"
    >
      <div
        class="chart-item"
      >
        <div
          data="[object Object]"
          data-testid="plotly-chart"
          layout="[object Object]"
          style="width: 100%; height: 300px;"
        />
      </div>
      <div
        class="chart-item"
      >
        <div
          data="[object Object]"
          data-testid="plotly-chart"
          layout="[object Object]"
          style="width: 100%; height: 300px;"
        />
      </div>
    </div>
    <h3>
      Apnea Events per Night
    </h3>
    <table>
      <tbody>
        <tr>
          <td>
            Median events/night
          </td>
          <td>
            2.0
          </td>
        </tr>
        <tr>
          <td>
            Events/night IQR (25th–75th)
          </td>
          <td>
            2.0–2.0
          </td>
        </tr>
        <tr>
          <td>
            Min / Max events/night
          </td>
          <td>
            2 / 2
          </td>
        </tr>
        <tr>
          <td>
            High-count outlier nights (≥ Q3+1.5×IQR)
          </td>
          <td>
            1
          </td>
        </tr>
        <tr>
          <td>
            Low-count outlier nights (≤ Q1−1.5×IQR)
          </td>
          <td>
            1
          </td>
        </tr>
      </tbody>
    </table>
    <div
      class="usage-charts-grid"
    >
      <div
        class="chart-item"
      >
        <div
          data="[object Object]"
          data-testid="plotly-chart"
          layout="[object Object]"
          style="width: 100%; height: 300px;"
        />
      </div>
      <div
        class="chart-item"
      >
        <div
          data="[object Object]"
          data-testid="plotly-chart"
          layout="[object Object]"
          style="width: 100%; height: 300px;"
        />
      </div>
    </div>
  </div>
</DocumentFragment>
`;
