// Vitest Snapshot v1, https://vitest.dev/guide/snapshot.html

exports[`Overview > renders KPI cards with correct titles and values 1`] = `
<DocumentFragment>
  <div
    class="overview-dashboard"
  >
    <h2
      id="overview"
    >
      Overview Dashboard
    </h2>
    <div
      class="metric-grid"
    >
      <div
        class="kpi-card"
      >
        <div
          class="title"
        >
          Avg Usage (hrs)
        </div>
        <div
          class="value"
        >
          1.50
        </div>
        <svg
          class="sparkline"
          preserveAspectRatio="none"
          viewBox="0 0 100 30"
        >
          <path
            d="M0,30 L100,0"
          />
        </svg>
      </div>
      <div
        class="kpi-card"
      >
        <div
          class="title"
        >
          Median AHI
        </div>
        <div
          class="value"
        >
          3.00
        </div>
        <svg
          class="sparkline"
          preserveAspectRatio="none"
          viewBox="0 0 100 30"
        >
          <path
            d="M0,30 L100,0"
          />
        </svg>
      </div>
      <div
        class="kpi-card"
      >
        <div
          class="title"
        >
          Median EPAP
        </div>
        <div
          class="value"
        >
          11.00
        </div>
        <svg
          class="sparkline"
          preserveAspectRatio="none"
          viewBox="0 0 100 30"
        >
          <path
            d="M0,30 L100,0"
          />
        </svg>
      </div>
      <div
        class="kpi-card"
      >
        <div
          class="title"
        >
          # Clusters
        </div>
        <div
          class="value"
        >
          2
        </div>
      </div>
      <div
        class="kpi-card"
      >
        <div
          class="title"
        >
          # False Negatives
        </div>
        <div
          class="value"
        >
          1
        </div>
      </div>
    </div>
  </div>
</DocumentFragment>
`;
